EN adder NULL D:/PROGRAMOWANIE/Github/rs232/rs232/adder.vhd sub00/vhpl06 1399912965
AR filter behavioral D:/PROGRAMOWANIE/Github/rs232/rs232/debounce.vhd sub00/vhpl03 1399912962
AR synchronizer behavioral D:/PROGRAMOWANIE/Github/rs232/rs232/synchronizer.vhd sub00/vhpl01 1399912960
EN rs232_module NULL D:/PROGRAMOWANIE/Github/rs232/rs232/topmod.vhd sub00/vhpl10 1399912969
EN transmitter NULL D:/PROGRAMOWANIE/Github/rs232/rs232/emitter.vhd sub00/vhpl08 1399912967
AR rs232_module behavioral D:/PROGRAMOWANIE/Github/rs232/rs232/topmod.vhd sub00/vhpl11 1399912970
EN synchronizer NULL D:/PROGRAMOWANIE/Github/rs232/rs232/synchronizer.vhd sub00/vhpl00 1399912959
EN receiver NULL D:/PROGRAMOWANIE/Github/rs232/rs232/reciever.vhd sub00/vhpl04 1399912963
EN filter NULL D:/PROGRAMOWANIE/Github/rs232/rs232/debounce.vhd sub00/vhpl02 1399912961
AR adder behavioral D:/PROGRAMOWANIE/Github/rs232/rs232/adder.vhd sub00/vhpl07 1399912966
AR receiver behavioral D:/PROGRAMOWANIE/Github/rs232/rs232/reciever.vhd sub00/vhpl05 1399912964
AR transmitter behavioral D:/PROGRAMOWANIE/Github/rs232/rs232/emitter.vhd sub00/vhpl09 1399912968
